============================= test session starts ==============================
platform darwin -- Python 3.14.5, pytest-9.0.3, pluggy-1.6.0 -- /Users/jaymangukiya/Desktop/crack-detection-project/venv/bin/python3.14
cachedir: .pytest_cache
rootdir: /Users/jaymangukiya/Desktop/crack-detection-project/student_extension_example
collecting ... collected 56 items

test_differentiable_enhance_only.py::TestHasLearnableParams::test_has_learnable_params[DiffBrightness] PASSED [  1%]
test_differentiable_enhance_only.py::TestHasLearnableParams::test_has_learnable_params[DiffContrast] PASSED [  3%]
test_differentiable_enhance_only.py::TestHasLearnableParams::test_has_learnable_params[DiffGamma] PASSED [  5%]
test_differentiable_enhance_only.py::TestHasLearnableParams::test_has_learnable_params[DiffSaturation] PASSED [  7%]
test_differentiable_enhance_only.py::TestHasLearnableParams::test_has_learnable_params[DiffBrightnessAdditive] PASSED [  8%]
test_differentiable_enhance_only.py::TestHasLearnableParams::test_has_learnable_params[DiffFrangi] PASSED [ 10%]
test_differentiable_enhance_only.py::TestHasLearnableParams::test_has_learnable_params[DiffMultiscaleContrast] PASSED [ 12%]
test_differentiable_enhance_only.py::TestHasLearnableParams::test_has_learnable_params[DiffMorphologyDisk] PASSED [ 14%]
test_differentiable_enhance_only.py::TestHasLearnableParams::test_has_learnable_params[DiffMorphologyLine] PASSED [ 16%]
test_differentiable_enhance_only.py::TestGradientFlow::test_all_params_receive_gradients[DiffBrightness] PASSED [ 17%]
test_differentiable_enhance_only.py::TestGradientFlow::test_all_params_receive_gradients[DiffContrast] PASSED [ 19%]
test_differentiable_enhance_only.py::TestGradientFlow::test_all_params_receive_gradients[DiffGamma] PASSED [ 21%]
test_differentiable_enhance_only.py::TestGradientFlow::test_all_params_receive_gradients[DiffSaturation] PASSED [ 23%]
test_differentiable_enhance_only.py::TestGradientFlow::test_all_params_receive_gradients[DiffBrightnessAdditive] PASSED [ 25%]
test_differentiable_enhance_only.py::TestGradientFlow::test_all_params_receive_gradients[DiffFrangi] PASSED [ 26%]
test_differentiable_enhance_only.py::TestGradientFlow::test_all_params_receive_gradients[DiffMultiscaleContrast] PASSED [ 28%]
test_differentiable_enhance_only.py::TestGradientFlow::test_all_params_receive_gradients[DiffMorphologyDisk] PASSED [ 30%]
test_differentiable_enhance_only.py::TestGradientFlow::test_all_params_receive_gradients[DiffMorphologyLine] PASSED [ 32%]
test_differentiable_enhance_only.py::TestOutputShape::test_shape_preserved[DiffBrightness] PASSED [ 33%]
test_differentiable_enhance_only.py::TestOutputShape::test_shape_preserved[DiffContrast] PASSED [ 35%]
test_differentiable_enhance_only.py::TestOutputShape::test_shape_preserved[DiffGamma] PASSED [ 37%]
test_differentiable_enhance_only.py::TestOutputShape::test_shape_preserved[DiffSaturation] PASSED [ 39%]
test_differentiable_enhance_only.py::TestOutputShape::test_shape_preserved[DiffBrightnessAdditive] PASSED [ 41%]
test_differentiable_enhance_only.py::TestOutputShape::test_shape_preserved[DiffFrangi] PASSED [ 42%]
test_differentiable_enhance_only.py::TestOutputShape::test_shape_preserved[DiffMultiscaleContrast] PASSED [ 44%]
test_differentiable_enhance_only.py::TestOutputShape::test_shape_preserved[DiffMorphologyDisk] PASSED [ 46%]
test_differentiable_enhance_only.py::TestOutputShape::test_shape_preserved[DiffMorphologyLine] PASSED [ 48%]
test_differentiable_enhance_only.py::TestNoNanInf::test_output_finite[DiffBrightness] PASSED [ 50%]
test_differentiable_enhance_only.py::TestNoNanInf::test_output_finite[DiffContrast] PASSED [ 51%]
test_differentiable_enhance_only.py::TestNoNanInf::test_output_finite[DiffGamma] PASSED [ 53%]
test_differentiable_enhance_only.py::TestNoNanInf::test_output_finite[DiffSaturation] PASSED [ 55%]
test_differentiable_enhance_only.py::TestNoNanInf::test_output_finite[DiffBrightnessAdditive] PASSED [ 57%]
test_differentiable_enhance_only.py::TestNoNanInf::test_output_finite[DiffFrangi] PASSED [ 58%]
test_differentiable_enhance_only.py::TestNoNanInf::test_output_finite[DiffMultiscaleContrast] PASSED [ 60%]
test_differentiable_enhance_only.py::TestNoNanInf::test_output_finite[DiffMorphologyDisk] PASSED [ 62%]
test_differentiable_enhance_only.py::TestNoNanInf::test_output_finite[DiffMorphologyLine] PASSED [ 64%]
test_differentiable_enhance_only.py::TestNoNanInf::test_gradients_finite[DiffBrightness] PASSED [ 66%]
test_differentiable_enhance_only.py::TestNoNanInf::test_gradients_finite[DiffContrast] PASSED [ 67%]
test_differentiable_enhance_only.py::TestNoNanInf::test_gradients_finite[DiffGamma] PASSED [ 69%]
test_differentiable_enhance_only.py::TestNoNanInf::test_gradients_finite[DiffSaturation] PASSED [ 71%]
test_differentiable_enhance_only.py::TestNoNanInf::test_gradients_finite[DiffBrightnessAdditive] PASSED [ 73%]
test_differentiable_enhance_only.py::TestNoNanInf::test_gradients_finite[DiffFrangi] PASSED [ 75%]
test_differentiable_enhance_only.py::TestNoNanInf::test_gradients_finite[DiffMultiscaleContrast] PASSED [ 76%]
test_differentiable_enhance_only.py::TestNoNanInf::test_gradients_finite[DiffMorphologyDisk] PASSED [ 78%]
test_differentiable_enhance_only.py::TestNoNanInf::test_gradients_finite[DiffMorphologyLine] PASSED [ 80%]
test_differentiable_enhance_only.py::TestConvergence::test_brightness_convergence PASSED [ 82%]
test_differentiable_enhance_only.py::TestConvergence::test_contrast_convergence PASSED [ 83%]
test_differentiable_enhance_only.py::TestConvergence::test_gamma_convergence PASSED [ 85%]
test_differentiable_enhance_only.py::TestConvergence::test_saturation_convergence PASSED [ 87%]
test_differentiable_enhance_only.py::TestConvergence::test_brightness_additive_convergence PASSED [ 89%]
test_differentiable_enhance_only.py::TestConvergence::test_frangi_convergence PASSED [ 91%]
test_differentiable_enhance_only.py::TestConvergence::test_multiscale_contrast_convergence PASSED [ 92%]
test_differentiable_enhance_only.py::TestConvergence::test_morphology_disk_convergence PASSED [ 94%]
test_differentiable_enhance_only.py::TestConvergence::test_morphology_line_convergence[0.3] PASSED [ 96%]
test_differentiable_enhance_only.py::TestConvergence::test_morphology_line_convergence[1.2] PASSED [ 98%]
test_differentiable_enhance_only.py::TestConvergence::test_morphology_line_convergence[2.5] PASSED [100%]

============================== 56 passed in 2.10s ==============================
